  Determining projects to restore...
  All projects are up-to-date for restore.
  AciPlatform.Domain -> C:\Users\nguye\Expo\AciPlatform\AciPlatform.Domain\bin\Debug\net9.0\AciPlatform.Domain.dll
  AciPlatform.Application -> C:\Users\nguye\Expo\AciPlatform\AciPlatform.Application\bin\Debug\net9.0\AciPlatform.Application.dll
  AciPlatform.Infrastructure -> c:\Users\nguye\Expo\AciPlatform\AciPlatform.Infrastructure\bin\Debug\net9.0\AciPlatform.Infrastructure.dll
C:\Program Files\dotnet\sdk\9.0.300\Microsoft.Common.CurrentVersion.targets(5094,5): warning MSB3026: Could not copy "C:\Users\nguye\Expo\AciPlatform\AciPlatform.Domain\bin\Debug\net9.0\AciPlatform.Domain.dll" to "bin\Debug\net9.0\AciPlatform.Domain.dll". Beginning retry 1 in 1000ms. The process cannot access the file 'c:\Users\nguye\Expo\AciPlatform\AciPlatform.Api\bin\Debug\net9.0\AciPlatform.Domain.dll' because it is being used by another process. The file is locked by: "AciPlatform.Api (27140)" [c:\Users\nguye\Expo\AciPlatform\AciPlatform.Api\AciPlatform.Api.csproj]
C:\Program Files\dotnet\sdk\9.0.300\Microsoft.Common.CurrentVersion.targets(5094,5): warning MSB3026: Could not copy "C:\Users\nguye\Expo\AciPlatform\AciPlatform.Application\bin\Debug\net9.0\AciPlatform.Application.dll" to "bin\Debug\net9.0\AciPlatform.Application.dll". Beginning retry 1 in 1000ms. The process cannot access the file 'c:\Users\nguye\Expo\AciPlatform\AciPlatform.Api\bin\Debug\net9.0\AciPlatform.Application.dll' because it is being used by another process. The file is locked by: "AciPlatform.Api (27140)" [c:\Users\nguye\Expo\AciPlatform\AciPlatform.Api\AciPlatform.Api.csproj]
C:\Program Files\dotnet\sdk\9.0.300\Microsoft.Common.CurrentVersion.targets(5094,5): warning MSB3026: Could not copy "c:\Users\nguye\Expo\AciPlatform\AciPlatform.Infrastructure\bin\Debug\net9.0\AciPlatform.Infrastructure.dll" to "bin\Debug\net9.0\AciPlatform.Infrastructure.dll". Beginning retry 1 in 1000ms. The process cannot access the file 'c:\Users\nguye\Expo\AciPlatform\AciPlatform.Api\bin\Debug\net9.0\AciPlatform.Infrastructure.dll' because it is being used by another process. The file is locked by: "AciPlatform.Api (27140)" [c:\Users\nguye\Expo\AciPlatform\AciPlatform.Api\AciPlatform.Api.csproj]
C:\Program Files\dotnet\sdk\9.0.300\Microsoft.Common.CurrentVersion.targets(5094,5): warning MSB3026: Could not copy "C:\Users\nguye\Expo\AciPlatform\AciPlatform.Domain\bin\Debug\net9.0\AciPlatform.Domain.dll" to "bin\Debug\net9.0\AciPlatform.Domain.dll". Beginning retry 2 in 1000ms. The process cannot access the file 'c:\Users\nguye\Expo\AciPlatform\AciPlatform.Api\bin\Debug\net9.0\AciPlatform.Domain.dll' because it is being used by another process. The file is locked by: "AciPlatform.Api (27140)" [c:\Users\nguye\Expo\AciPlatform\AciPlatform.Api\AciPlatform.Api.csproj]
C:\Program Files\dotnet\sdk\9.0.300\Microsoft.Common.CurrentVersion.targets(5094,5): warning MSB3026: Could not copy "c:\Users\nguye\Expo\AciPlatform\AciPlatform.Infrastructure\bin\Debug\net9.0\AciPlatform.Infrastructure.dll" to "bin\Debug\net9.0\AciPlatform.Infrastructure.dll". Beginning retry 2 in 1000ms. The process cannot access the file 'c:\Users\nguye\Expo\AciPlatform\AciPlatform.Api\bin\Debug\net9.0\AciPlatform.Infrastructure.dll' because it is being used by another process. The file is locked by: "AciPlatform.Api (27140)" [c:\Users\nguye\Expo\AciPlatform\AciPlatform.Api\AciPlatform.Api.csproj]
C:\Program Files\dotnet\sdk\9.0.300\Microsoft.Common.CurrentVersion.targets(5094,5): warning MSB3026: Could not copy "C:\Users\nguye\Expo\AciPlatform\AciPlatform.Application\bin\Debug\net9.0\AciPlatform.Application.dll" to "bin\Debug\net9.0\AciPlatform.Application.dll". Beginning retry 2 in 1000ms. The process cannot access the file 'c:\Users\nguye\Expo\AciPlatform\AciPlatform.Api\bin\Debug\net9.0\AciPlatform.Application.dll' because it is being used by another process. The file is locked by: "AciPlatform.Api (27140)" [c:\Users\nguye\Expo\AciPlatform\AciPlatform.Api\AciPlatform.Api.csproj]
C:\Program Files\dotnet\sdk\9.0.300\Microsoft.Common.CurrentVersion.targets(5094,5): warning MSB3026: Could not copy "C:\Users\nguye\Expo\AciPlatform\AciPlatform.Domain\bin\Debug\net9.0\AciPlatform.Domain.dll" to "bin\Debug\net9.0\AciPlatform.Domain.dll". Beginning retry 3 in 1000ms. The process cannot access the file 'c:\Users\nguye\Expo\AciPlatform\AciPlatform.Api\bin\Debug\net9.0\AciPlatform.Domain.dll' because it is being used by another process. The file is locked by: "AciPlatform.Api (27140)" [c:\Users\nguye\Expo\AciPlatform\AciPlatform.Api\AciPlatform.Api.csproj]
C:\Program Files\dotnet\sdk\9.0.300\Microsoft.Common.CurrentVersion.targets(5094,5): warning MSB3026: Could not copy "C:\Users\nguye\Expo\AciPlatform\AciPlatform.Application\bin\Debug\net9.0\AciPlatform.Application.dll" to "bin\Debug\net9.0\AciPlatform.Application.dll". Beginning retry 3 in 1000ms. The process cannot access the file 'c:\Users\nguye\Expo\AciPlatform\AciPlatform.Api\bin\Debug\net9.0\AciPlatform.Application.dll' because it is being used by another process. The file is locked by: "AciPlatform.Api (27140)" [c:\Users\nguye\Expo\AciPlatform\AciPlatform.Api\AciPlatform.Api.csproj]
C:\Program Files\dotnet\sdk\9.0.300\Microsoft.Common.CurrentVersion.targets(5094,5): warning MSB3026: Could not copy "c:\Users\nguye\Expo\AciPlatform\AciPlatform.Infrastructure\bin\Debug\net9.0\AciPlatform.Infrastructure.dll" to "bin\Debug\net9.0\AciPlatform.Infrastructure.dll". Beginning retry 3 in 1000ms. The process cannot access the file 'c:\Users\nguye\Expo\AciPlatform\AciPlatform.Api\bin\Debug\net9.0\AciPlatform.Infrastructure.dll' because it is being used by another process. The file is locked by: "AciPlatform.Api (27140)" [c:\Users\nguye\Expo\AciPlatform\AciPlatform.Api\AciPlatform.Api.csproj]
C:\Program Files\dotnet\sdk\9.0.300\Microsoft.Common.CurrentVersion.targets(5094,5): warning MSB3026: Could not copy "C:\Users\nguye\Expo\AciPlatform\AciPlatform.Domain\bin\Debug\net9.0\AciPlatform.Domain.dll" to "bin\Debug\net9.0\AciPlatform.Domain.dll". Beginning retry 4 in 1000ms. The process cannot access the file 'c:\Users\nguye\Expo\AciPlatform\AciPlatform.Api\bin\Debug\net9.0\AciPlatform.Domain.dll' because it is being used by another process. The file is locked by: "AciPlatform.Api (27140)" [c:\Users\nguye\Expo\AciPlatform\AciPlatform.Api\AciPlatform.Api.csproj]
C:\Program Files\dotnet\sdk\9.0.300\Microsoft.Common.CurrentVersion.targets(5094,5): warning MSB3026: Could not copy "c:\Users\nguye\Expo\AciPlatform\AciPlatform.Infrastructure\bin\Debug\net9.0\AciPlatform.Infrastructure.dll" to "bin\Debug\net9.0\AciPlatform.Infrastructure.dll". Beginning retry 4 in 1000ms. The process cannot access the file 'c:\Users\nguye\Expo\AciPlatform\AciPlatform.Api\bin\Debug\net9.0\AciPlatform.Infrastructure.dll' because it is being used by another process. The file is locked by: "AciPlatform.Api (27140)" [c:\Users\nguye\Expo\AciPlatform\AciPlatform.Api\AciPlatform.Api.csproj]
C:\Program Files\dotnet\sdk\9.0.300\Microsoft.Common.CurrentVersion.targets(5094,5): warning MSB3026: Could not copy "C:\Users\nguye\Expo\AciPlatform\AciPlatform.Application\bin\Debug\net9.0\AciPlatform.Application.dll" to "bin\Debug\net9.0\AciPlatform.Application.dll". Beginning retry 4 in 1000ms. The process cannot access the file 'c:\Users\nguye\Expo\AciPlatform\AciPlatform.Api\bin\Debug\net9.0\AciPlatform.Application.dll' because it is being used by another process. The file is locked by: "AciPlatform.Api (27140)" [c:\Users\nguye\Expo\AciPlatform\AciPlatform.Api\AciPlatform.Api.csproj]
C:\Program Files\dotnet\sdk\9.0.300\Microsoft.Common.CurrentVersion.targets(5094,5): warning MSB3026: Could not copy "C:\Users\nguye\Expo\AciPlatform\AciPlatform.Domain\bin\Debug\net9.0\AciPlatform.Domain.dll" to "bin\Debug\net9.0\AciPlatform.Domain.dll". Beginning retry 5 in 1000ms. The process cannot access the file 'c:\Users\nguye\Expo\AciPlatform\AciPlatform.Api\bin\Debug\net9.0\AciPlatform.Domain.dll' because it is being used by another process. The file is locked by: "AciPlatform.Api (27140)" [c:\Users\nguye\Expo\AciPlatform\AciPlatform.Api\AciPlatform.Api.csproj]
C:\Program Files\dotnet\sdk\9.0.300\Microsoft.Common.CurrentVersion.targets(5094,5): warning MSB3026: Could not copy "C:\Users\nguye\Expo\AciPlatform\AciPlatform.Application\bin\Debug\net9.0\AciPlatform.Application.dll" to "bin\Debug\net9.0\AciPlatform.Application.dll". Beginning retry 5 in 1000ms. The process cannot access the file 'c:\Users\nguye\Expo\AciPlatform\AciPlatform.Api\bin\Debug\net9.0\AciPlatform.Application.dll' because it is being used by another process. The file is locked by: "AciPlatform.Api (27140)" [c:\Users\nguye\Expo\AciPlatform\AciPlatform.Api\AciPlatform.Api.csproj]
C:\Program Files\dotnet\sdk\9.0.300\Microsoft.Common.CurrentVersion.targets(5094,5): warning MSB3026: Could not copy "c:\Users\nguye\Expo\AciPlatform\AciPlatform.Infrastructure\bin\Debug\net9.0\AciPlatform.Infrastructure.dll" to "bin\Debug\net9.0\AciPlatform.Infrastructure.dll". Beginning retry 5 in 1000ms. The process cannot access the file 'c:\Users\nguye\Expo\AciPlatform\AciPlatform.Api\bin\Debug\net9.0\AciPlatform.Infrastructure.dll' because it is being used by another process. The file is locked by: "AciPlatform.Api (27140)" [c:\Users\nguye\Expo\AciPlatform\AciPlatform.Api\AciPlatform.Api.csproj]
C:\Program Files\dotnet\sdk\9.0.300\Microsoft.Common.CurrentVersion.targets(5094,5): warning MSB3026: Could not copy "C:\Users\nguye\Expo\AciPlatform\AciPlatform.Domain\bin\Debug\net9.0\AciPlatform.Domain.dll" to "bin\Debug\net9.0\AciPlatform.Domain.dll". Beginning retry 6 in 1000ms. The process cannot access the file 'c:\Users\nguye\Expo\AciPlatform\AciPlatform.Api\bin\Debug\net9.0\AciPlatform.Domain.dll' because it is being used by another process. The file is locked by: "AciPlatform.Api (27140)" [c:\Users\nguye\Expo\AciPlatform\AciPlatform.Api\AciPlatform.Api.csproj]
C:\Program Files\dotnet\sdk\9.0.300\Microsoft.Common.CurrentVersion.targets(5094,5): warning MSB3026: Could not copy "c:\Users\nguye\Expo\AciPlatform\AciPlatform.Infrastructure\bin\Debug\net9.0\AciPlatform.Infrastructure.dll" to "bin\Debug\net9.0\AciPlatform.Infrastructure.dll". Beginning retry 6 in 1000ms. The process cannot access the file 'c:\Users\nguye\Expo\AciPlatform\AciPlatform.Api\bin\Debug\net9.0\AciPlatform.Infrastructure.dll' because it is being used by another process. The file is locked by: "AciPlatform.Api (27140)" [c:\Users\nguye\Expo\AciPlatform\AciPlatform.Api\AciPlatform.Api.csproj]
C:\Program Files\dotnet\sdk\9.0.300\Microsoft.Common.CurrentVersion.targets(5094,5): warning MSB3026: Could not copy "C:\Users\nguye\Expo\AciPlatform\AciPlatform.Application\bin\Debug\net9.0\AciPlatform.Application.dll" to "bin\Debug\net9.0\AciPlatform.Application.dll". Beginning retry 6 in 1000ms. The process cannot access the file 'c:\Users\nguye\Expo\AciPlatform\AciPlatform.Api\bin\Debug\net9.0\AciPlatform.Application.dll' because it is being used by another process. The file is locked by: "AciPlatform.Api (27140)" [c:\Users\nguye\Expo\AciPlatform\AciPlatform.Api\AciPlatform.Api.csproj]
C:\Program Files\dotnet\sdk\9.0.300\Microsoft.Common.CurrentVersion.targets(5094,5): warning MSB3026: Could not copy "C:\Users\nguye\Expo\AciPlatform\AciPlatform.Domain\bin\Debug\net9.0\AciPlatform.Domain.dll" to "bin\Debug\net9.0\AciPlatform.Domain.dll". Beginning retry 7 in 1000ms. The process cannot access the file 'c:\Users\nguye\Expo\AciPlatform\AciPlatform.Api\bin\Debug\net9.0\AciPlatform.Domain.dll' because it is being used by another process. The file is locked by: "AciPlatform.Api (27140)" [c:\Users\nguye\Expo\AciPlatform\AciPlatform.Api\AciPlatform.Api.csproj]
C:\Program Files\dotnet\sdk\9.0.300\Microsoft.Common.CurrentVersion.targets(5094,5): warning MSB3026: Could not copy "c:\Users\nguye\Expo\AciPlatform\AciPlatform.Infrastructure\bin\Debug\net9.0\AciPlatform.Infrastructure.dll" to "bin\Debug\net9.0\AciPlatform.Infrastructure.dll". Beginning retry 7 in 1000ms. The process cannot access the file 'c:\Users\nguye\Expo\AciPlatform\AciPlatform.Api\bin\Debug\net9.0\AciPlatform.Infrastructure.dll' because it is being used by another process. The file is locked by: "AciPlatform.Api (27140)" [c:\Users\nguye\Expo\AciPlatform\AciPlatform.Api\AciPlatform.Api.csproj]
C:\Program Files\dotnet\sdk\9.0.300\Microsoft.Common.CurrentVersion.targets(5094,5): warning MSB3026: Could not copy "C:\Users\nguye\Expo\AciPlatform\AciPlatform.Application\bin\Debug\net9.0\AciPlatform.Application.dll" to "bin\Debug\net9.0\AciPlatform.Application.dll". Beginning retry 7 in 1000ms. The process cannot access the file 'c:\Users\nguye\Expo\AciPlatform\AciPlatform.Api\bin\Debug\net9.0\AciPlatform.Application.dll' because it is being used by another process. The file is locked by: "AciPlatform.Api (27140)" [c:\Users\nguye\Expo\AciPlatform\AciPlatform.Api\AciPlatform.Api.csproj]
C:\Program Files\dotnet\sdk\9.0.300\Microsoft.Common.CurrentVersion.targets(5094,5): warning MSB3026: Could not copy "C:\Users\nguye\Expo\AciPlatform\AciPlatform.Domain\bin\Debug\net9.0\AciPlatform.Domain.dll" to "bin\Debug\net9.0\AciPlatform.Domain.dll". Beginning retry 8 in 1000ms. The process cannot access the file 'c:\Users\nguye\Expo\AciPlatform\AciPlatform.Api\bin\Debug\net9.0\AciPlatform.Domain.dll' because it is being used by another process. The file is locked by: "AciPlatform.Api (27140)" [c:\Users\nguye\Expo\AciPlatform\AciPlatform.Api\AciPlatform.Api.csproj]
C:\Program Files\dotnet\sdk\9.0.300\Microsoft.Common.CurrentVersion.targets(5094,5): warning MSB3026: Could not copy "C:\Users\nguye\Expo\AciPlatform\AciPlatform.Application\bin\Debug\net9.0\AciPlatform.Application.dll" to "bin\Debug\net9.0\AciPlatform.Application.dll". Beginning retry 8 in 1000ms. The process cannot access the file 'c:\Users\nguye\Expo\AciPlatform\AciPlatform.Api\bin\Debug\net9.0\AciPlatform.Application.dll' because it is being used by another process. The file is locked by: "AciPlatform.Api (27140)" [c:\Users\nguye\Expo\AciPlatform\AciPlatform.Api\AciPlatform.Api.csproj]
C:\Program Files\dotnet\sdk\9.0.300\Microsoft.Common.CurrentVersion.targets(5094,5): warning MSB3026: Could not copy "c:\Users\nguye\Expo\AciPlatform\AciPlatform.Infrastructure\bin\Debug\net9.0\AciPlatform.Infrastructure.dll" to "bin\Debug\net9.0\AciPlatform.Infrastructure.dll". Beginning retry 8 in 1000ms. The process cannot access the file 'c:\Users\nguye\Expo\AciPlatform\AciPlatform.Api\bin\Debug\net9.0\AciPlatform.Infrastructure.dll' because it is being used by another process. The file is locked by: "AciPlatform.Api (27140)" [c:\Users\nguye\Expo\AciPlatform\AciPlatform.Api\AciPlatform.Api.csproj]
C:\Program Files\dotnet\sdk\9.0.300\Microsoft.Common.CurrentVersion.targets(5094,5): warning MSB3026: Could not copy "C:\Users\nguye\Expo\AciPlatform\AciPlatform.Domain\bin\Debug\net9.0\AciPlatform.Domain.dll" to "bin\Debug\net9.0\AciPlatform.Domain.dll". Beginning retry 9 in 1000ms. The process cannot access the file 'c:\Users\nguye\Expo\AciPlatform\AciPlatform.Api\bin\Debug\net9.0\AciPlatform.Domain.dll' because it is being used by another process. The file is locked by: "AciPlatform.Api (27140)" [c:\Users\nguye\Expo\AciPlatform\AciPlatform.Api\AciPlatform.Api.csproj]
C:\Program Files\dotnet\sdk\9.0.300\Microsoft.Common.CurrentVersion.targets(5094,5): warning MSB3026: Could not copy "C:\Users\nguye\Expo\AciPlatform\AciPlatform.Application\bin\Debug\net9.0\AciPlatform.Application.dll" to "bin\Debug\net9.0\AciPlatform.Application.dll". Beginning retry 9 in 1000ms. The process cannot access the file 'c:\Users\nguye\Expo\AciPlatform\AciPlatform.Api\bin\Debug\net9.0\AciPlatform.Application.dll' because it is being used by another process. The file is locked by: "AciPlatform.Api (27140)" [c:\Users\nguye\Expo\AciPlatform\AciPlatform.Api\AciPlatform.Api.csproj]
C:\Program Files\dotnet\sdk\9.0.300\Microsoft.Common.CurrentVersion.targets(5094,5): warning MSB3026: Could not copy "c:\Users\nguye\Expo\AciPlatform\AciPlatform.Infrastructure\bin\Debug\net9.0\AciPlatform.Infrastructure.dll" to "bin\Debug\net9.0\AciPlatform.Infrastructure.dll". Beginning retry 9 in 1000ms. The process cannot access the file 'c:\Users\nguye\Expo\AciPlatform\AciPlatform.Api\bin\Debug\net9.0\AciPlatform.Infrastructure.dll' because it is being used by another process. The file is locked by: "AciPlatform.Api (27140)" [c:\Users\nguye\Expo\AciPlatform\AciPlatform.Api\AciPlatform.Api.csproj]
C:\Program Files\dotnet\sdk\9.0.300\Microsoft.Common.CurrentVersion.targets(5094,5): warning MSB3026: Could not copy "C:\Users\nguye\Expo\AciPlatform\AciPlatform.Domain\bin\Debug\net9.0\AciPlatform.Domain.dll" to "bin\Debug\net9.0\AciPlatform.Domain.dll". Beginning retry 10 in 1000ms. The process cannot access the file 'c:\Users\nguye\Expo\AciPlatform\AciPlatform.Api\bin\Debug\net9.0\AciPlatform.Domain.dll' because it is being used by another process. The file is locked by: "AciPlatform.Api (27140)" [c:\Users\nguye\Expo\AciPlatform\AciPlatform.Api\AciPlatform.Api.csproj]
C:\Program Files\dotnet\sdk\9.0.300\Microsoft.Common.CurrentVersion.targets(5094,5): warning MSB3026: Could not copy "C:\Users\nguye\Expo\AciPlatform\AciPlatform.Application\bin\Debug\net9.0\AciPlatform.Application.dll" to "bin\Debug\net9.0\AciPlatform.Application.dll". Beginning retry 10 in 1000ms. The process cannot access the file 'c:\Users\nguye\Expo\AciPlatform\AciPlatform.Api\bin\Debug\net9.0\AciPlatform.Application.dll' because it is being used by another process. The file is locked by: "AciPlatform.Api (27140)" [c:\Users\nguye\Expo\AciPlatform\AciPlatform.Api\AciPlatform.Api.csproj]
C:\Program Files\dotnet\sdk\9.0.300\Microsoft.Common.CurrentVersion.targets(5094,5): warning MSB3026: Could not copy "c:\Users\nguye\Expo\AciPlatform\AciPlatform.Infrastructure\bin\Debug\net9.0\AciPlatform.Infrastructure.dll" to "bin\Debug\net9.0\AciPlatform.Infrastructure.dll". Beginning retry 10 in 1000ms. The process cannot access the file 'c:\Users\nguye\Expo\AciPlatform\AciPlatform.Api\bin\Debug\net9.0\AciPlatform.Infrastructure.dll' because it is being used by another process. The file is locked by: "AciPlatform.Api (27140)" [c:\Users\nguye\Expo\AciPlatform\AciPlatform.Api\AciPlatform.Api.csproj]
C:\Program Files\dotnet\sdk\9.0.300\Microsoft.Common.CurrentVersion.targets(5094,5): error MSB3027: Could not copy "C:\Users\nguye\Expo\AciPlatform\AciPlatform.Domain\bin\Debug\net9.0\AciPlatform.Domain.dll" to "bin\Debug\net9.0\AciPlatform.Domain.dll". Exceeded retry count of 10. Failed. The file is locked by: "AciPlatform.Api (27140)" [c:\Users\nguye\Expo\AciPlatform\AciPlatform.Api\AciPlatform.Api.csproj]
C:\Program Files\dotnet\sdk\9.0.300\Microsoft.Common.CurrentVersion.targets(5094,5): error MSB3021: Unable to copy file "C:\Users\nguye\Expo\AciPlatform\AciPlatform.Domain\bin\Debug\net9.0\AciPlatform.Domain.dll" to "bin\Debug\net9.0\AciPlatform.Domain.dll". The process cannot access the file 'c:\Users\nguye\Expo\AciPlatform\AciPlatform.Api\bin\Debug\net9.0\AciPlatform.Domain.dll' because it is being used by another process. [c:\Users\nguye\Expo\AciPlatform\AciPlatform.Api\AciPlatform.Api.csproj]
C:\Program Files\dotnet\sdk\9.0.300\Microsoft.Common.CurrentVersion.targets(5094,5): error MSB3027: Could not copy "C:\Users\nguye\Expo\AciPlatform\AciPlatform.Application\bin\Debug\net9.0\AciPlatform.Application.dll" to "bin\Debug\net9.0\AciPlatform.Application.dll". Exceeded retry count of 10. Failed. The file is locked by: "AciPlatform.Api (27140)" [c:\Users\nguye\Expo\AciPlatform\AciPlatform.Api\AciPlatform.Api.csproj]
C:\Program Files\dotnet\sdk\9.0.300\Microsoft.Common.CurrentVersion.targets(5094,5): error MSB3021: Unable to copy file "C:\Users\nguye\Expo\AciPlatform\AciPlatform.Application\bin\Debug\net9.0\AciPlatform.Application.dll" to "bin\Debug\net9.0\AciPlatform.Application.dll". The process cannot access the file 'c:\Users\nguye\Expo\AciPlatform\AciPlatform.Api\bin\Debug\net9.0\AciPlatform.Application.dll' because it is being used by another process. [c:\Users\nguye\Expo\AciPlatform\AciPlatform.Api\AciPlatform.Api.csproj]
C:\Program Files\dotnet\sdk\9.0.300\Microsoft.Common.CurrentVersion.targets(5094,5): error MSB3027: Could not copy "c:\Users\nguye\Expo\AciPlatform\AciPlatform.Infrastructure\bin\Debug\net9.0\AciPlatform.Infrastructure.dll" to "bin\Debug\net9.0\AciPlatform.Infrastructure.dll". Exceeded retry count of 10. Failed. The file is locked by: "AciPlatform.Api (27140)" [c:\Users\nguye\Expo\AciPlatform\AciPlatform.Api\AciPlatform.Api.csproj]
C:\Program Files\dotnet\sdk\9.0.300\Microsoft.Common.CurrentVersion.targets(5094,5): error MSB3021: Unable to copy file "c:\Users\nguye\Expo\AciPlatform\AciPlatform.Infrastructure\bin\Debug\net9.0\AciPlatform.Infrastructure.dll" to "bin\Debug\net9.0\AciPlatform.Infrastructure.dll". The process cannot access the file 'c:\Users\nguye\Expo\AciPlatform\AciPlatform.Api\bin\Debug\net9.0\AciPlatform.Infrastructure.dll' because it is being used by another process. [c:\Users\nguye\Expo\AciPlatform\AciPlatform.Api\AciPlatform.Api.csproj]

Build FAILED.

C:\Program Files\dotnet\sdk\9.0.300\Microsoft.Common.CurrentVersion.targets(5094,5): warning MSB3026: Could not copy "C:\Users\nguye\Expo\AciPlatform\AciPlatform.Domain\bin\Debug\net9.0\AciPlatform.Domain.dll" to "bin\Debug\net9.0\AciPlatform.Domain.dll". Beginning retry 1 in 1000ms. The process cannot access the file 'c:\Users\nguye\Expo\AciPlatform\AciPlatform.Api\bin\Debug\net9.0\AciPlatform.Domain.dll' because it is being used by another process. The file is locked by: "AciPlatform.Api (27140)" [c:\Users\nguye\Expo\AciPlatform\AciPlatform.Api\AciPlatform.Api.csproj]
C:\Program Files\dotnet\sdk\9.0.300\Microsoft.Common.CurrentVersion.targets(5094,5): warning MSB3026: Could not copy "C:\Users\nguye\Expo\AciPlatform\AciPlatform.Application\bin\Debug\net9.0\AciPlatform.Application.dll" to "bin\Debug\net9.0\AciPlatform.Application.dll". Beginning retry 1 in 1000ms. The process cannot access the file 'c:\Users\nguye\Expo\AciPlatform\AciPlatform.Api\bin\Debug\net9.0\AciPlatform.Application.dll' because it is being used by another process. The file is locked by: "AciPlatform.Api (27140)" [c:\Users\nguye\Expo\AciPlatform\AciPlatform.Api\AciPlatform.Api.csproj]
C:\Program Files\dotnet\sdk\9.0.300\Microsoft.Common.CurrentVersion.targets(5094,5): warning MSB3026: Could not copy "c:\Users\nguye\Expo\AciPlatform\AciPlatform.Infrastructure\bin\Debug\net9.0\AciPlatform.Infrastructure.dll" to "bin\Debug\net9.0\AciPlatform.Infrastructure.dll". Beginning retry 1 in 1000ms. The process cannot access the file 'c:\Users\nguye\Expo\AciPlatform\AciPlatform.Api\bin\Debug\net9.0\AciPlatform.Infrastructure.dll' because it is being used by another process. The file is locked by: "AciPlatform.Api (27140)" [c:\Users\nguye\Expo\AciPlatform\AciPlatform.Api\AciPlatform.Api.csproj]
C:\Program Files\dotnet\sdk\9.0.300\Microsoft.Common.CurrentVersion.targets(5094,5): warning MSB3026: Could not copy "C:\Users\nguye\Expo\AciPlatform\AciPlatform.Domain\bin\Debug\net9.0\AciPlatform.Domain.dll" to "bin\Debug\net9.0\AciPlatform.Domain.dll". Beginning retry 2 in 1000ms. The process cannot access the file 'c:\Users\nguye\Expo\AciPlatform\AciPlatform.Api\bin\Debug\net9.0\AciPlatform.Domain.dll' because it is being used by another process. The file is locked by: "AciPlatform.Api (27140)" [c:\Users\nguye\Expo\AciPlatform\AciPlatform.Api\AciPlatform.Api.csproj]
C:\Program Files\dotnet\sdk\9.0.300\Microsoft.Common.CurrentVersion.targets(5094,5): warning MSB3026: Could not copy "c:\Users\nguye\Expo\AciPlatform\AciPlatform.Infrastructure\bin\Debug\net9.0\AciPlatform.Infrastructure.dll" to "bin\Debug\net9.0\AciPlatform.Infrastructure.dll". Beginning retry 2 in 1000ms. The process cannot access the file 'c:\Users\nguye\Expo\AciPlatform\AciPlatform.Api\bin\Debug\net9.0\AciPlatform.Infrastructure.dll' because it is being used by another process. The file is locked by: "AciPlatform.Api (27140)" [c:\Users\nguye\Expo\AciPlatform\AciPlatform.Api\AciPlatform.Api.csproj]
C:\Program Files\dotnet\sdk\9.0.300\Microsoft.Common.CurrentVersion.targets(5094,5): warning MSB3026: Could not copy "C:\Users\nguye\Expo\AciPlatform\AciPlatform.Application\bin\Debug\net9.0\AciPlatform.Application.dll" to "bin\Debug\net9.0\AciPlatform.Application.dll". Beginning retry 2 in 1000ms. The process cannot access the file 'c:\Users\nguye\Expo\AciPlatform\AciPlatform.Api\bin\Debug\net9.0\AciPlatform.Application.dll' because it is being used by another process. The file is locked by: "AciPlatform.Api (27140)" [c:\Users\nguye\Expo\AciPlatform\AciPlatform.Api\AciPlatform.Api.csproj]
C:\Program Files\dotnet\sdk\9.0.300\Microsoft.Common.CurrentVersion.targets(5094,5): warning MSB3026: Could not copy "C:\Users\nguye\Expo\AciPlatform\AciPlatform.Domain\bin\Debug\net9.0\AciPlatform.Domain.dll" to "bin\Debug\net9.0\AciPlatform.Domain.dll". Beginning retry 3 in 1000ms. The process cannot access the file 'c:\Users\nguye\Expo\AciPlatform\AciPlatform.Api\bin\Debug\net9.0\AciPlatform.Domain.dll' because it is being used by another process. The file is locked by: "AciPlatform.Api (27140)" [c:\Users\nguye\Expo\AciPlatform\AciPlatform.Api\AciPlatform.Api.csproj]
C:\Program Files\dotnet\sdk\9.0.300\Microsoft.Common.CurrentVersion.targets(5094,5): warning MSB3026: Could not copy "C:\Users\nguye\Expo\AciPlatform\AciPlatform.Application\bin\Debug\net9.0\AciPlatform.Application.dll" to "bin\Debug\net9.0\AciPlatform.Application.dll". Beginning retry 3 in 1000ms. The process cannot access the file 'c:\Users\nguye\Expo\AciPlatform\AciPlatform.Api\bin\Debug\net9.0\AciPlatform.Application.dll' because it is being used by another process. The file is locked by: "AciPlatform.Api (27140)" [c:\Users\nguye\Expo\AciPlatform\AciPlatform.Api\AciPlatform.Api.csproj]
C:\Program Files\dotnet\sdk\9.0.300\Microsoft.Common.CurrentVersion.targets(5094,5): warning MSB3026: Could not copy "c:\Users\nguye\Expo\AciPlatform\AciPlatform.Infrastructure\bin\Debug\net9.0\AciPlatform.Infrastructure.dll" to "bin\Debug\net9.0\AciPlatform.Infrastructure.dll". Beginning retry 3 in 1000ms. The process cannot access the file 'c:\Users\nguye\Expo\AciPlatform\AciPlatform.Api\bin\Debug\net9.0\AciPlatform.Infrastructure.dll' because it is being used by another process. The file is locked by: "AciPlatform.Api (27140)" [c:\Users\nguye\Expo\AciPlatform\AciPlatform.Api\AciPlatform.Api.csproj]
C:\Program Files\dotnet\sdk\9.0.300\Microsoft.Common.CurrentVersion.targets(5094,5): warning MSB3026: Could not copy "C:\Users\nguye\Expo\AciPlatform\AciPlatform.Domain\bin\Debug\net9.0\AciPlatform.Domain.dll" to "bin\Debug\net9.0\AciPlatform.Domain.dll". Beginning retry 4 in 1000ms. The process cannot access the file 'c:\Users\nguye\Expo\AciPlatform\AciPlatform.Api\bin\Debug\net9.0\AciPlatform.Domain.dll' because it is being used by another process. The file is locked by: "AciPlatform.Api (27140)" [c:\Users\nguye\Expo\AciPlatform\AciPlatform.Api\AciPlatform.Api.csproj]
C:\Program Files\dotnet\sdk\9.0.300\Microsoft.Common.CurrentVersion.targets(5094,5): warning MSB3026: Could not copy "c:\Users\nguye\Expo\AciPlatform\AciPlatform.Infrastructure\bin\Debug\net9.0\AciPlatform.Infrastructure.dll" to "bin\Debug\net9.0\AciPlatform.Infrastructure.dll". Beginning retry 4 in 1000ms. The process cannot access the file 'c:\Users\nguye\Expo\AciPlatform\AciPlatform.Api\bin\Debug\net9.0\AciPlatform.Infrastructure.dll' because it is being used by another process. The file is locked by: "AciPlatform.Api (27140)" [c:\Users\nguye\Expo\AciPlatform\AciPlatform.Api\AciPlatform.Api.csproj]
C:\Program Files\dotnet\sdk\9.0.300\Microsoft.Common.CurrentVersion.targets(5094,5): warning MSB3026: Could not copy "C:\Users\nguye\Expo\AciPlatform\AciPlatform.Application\bin\Debug\net9.0\AciPlatform.Application.dll" to "bin\Debug\net9.0\AciPlatform.Application.dll". Beginning retry 4 in 1000ms. The process cannot access the file 'c:\Users\nguye\Expo\AciPlatform\AciPlatform.Api\bin\Debug\net9.0\AciPlatform.Application.dll' because it is being used by another process. The file is locked by: "AciPlatform.Api (27140)" [c:\Users\nguye\Expo\AciPlatform\AciPlatform.Api\AciPlatform.Api.csproj]
C:\Program Files\dotnet\sdk\9.0.300\Microsoft.Common.CurrentVersion.targets(5094,5): warning MSB3026: Could not copy "C:\Users\nguye\Expo\AciPlatform\AciPlatform.Domain\bin\Debug\net9.0\AciPlatform.Domain.dll" to "bin\Debug\net9.0\AciPlatform.Domain.dll". Beginning retry 5 in 1000ms. The process cannot access the file 'c:\Users\nguye\Expo\AciPlatform\AciPlatform.Api\bin\Debug\net9.0\AciPlatform.Domain.dll' because it is being used by another process. The file is locked by: "AciPlatform.Api (27140)" [c:\Users\nguye\Expo\AciPlatform\AciPlatform.Api\AciPlatform.Api.csproj]
C:\Program Files\dotnet\sdk\9.0.300\Microsoft.Common.CurrentVersion.targets(5094,5): warning MSB3026: Could not copy "C:\Users\nguye\Expo\AciPlatform\AciPlatform.Application\bin\Debug\net9.0\AciPlatform.Application.dll" to "bin\Debug\net9.0\AciPlatform.Application.dll". Beginning retry 5 in 1000ms. The process cannot access the file 'c:\Users\nguye\Expo\AciPlatform\AciPlatform.Api\bin\Debug\net9.0\AciPlatform.Application.dll' because it is being used by another process. The file is locked by: "AciPlatform.Api (27140)" [c:\Users\nguye\Expo\AciPlatform\AciPlatform.Api\AciPlatform.Api.csproj]
C:\Program Files\dotnet\sdk\9.0.300\Microsoft.Common.CurrentVersion.targets(5094,5): warning MSB3026: Could not copy "c:\Users\nguye\Expo\AciPlatform\AciPlatform.Infrastructure\bin\Debug\net9.0\AciPlatform.Infrastructure.dll" to "bin\Debug\net9.0\AciPlatform.Infrastructure.dll". Beginning retry 5 in 1000ms. The process cannot access the file 'c:\Users\nguye\Expo\AciPlatform\AciPlatform.Api\bin\Debug\net9.0\AciPlatform.Infrastructure.dll' because it is being used by another process. The file is locked by: "AciPlatform.Api (27140)" [c:\Users\nguye\Expo\AciPlatform\AciPlatform.Api\AciPlatform.Api.csproj]
C:\Program Files\dotnet\sdk\9.0.300\Microsoft.Common.CurrentVersion.targets(5094,5): warning MSB3026: Could not copy "C:\Users\nguye\Expo\AciPlatform\AciPlatform.Domain\bin\Debug\net9.0\AciPlatform.Domain.dll" to "bin\Debug\net9.0\AciPlatform.Domain.dll". Beginning retry 6 in 1000ms. The process cannot access the file 'c:\Users\nguye\Expo\AciPlatform\AciPlatform.Api\bin\Debug\net9.0\AciPlatform.Domain.dll' because it is being used by another process. The file is locked by: "AciPlatform.Api (27140)" [c:\Users\nguye\Expo\AciPlatform\AciPlatform.Api\AciPlatform.Api.csproj]
C:\Program Files\dotnet\sdk\9.0.300\Microsoft.Common.CurrentVersion.targets(5094,5): warning MSB3026: Could not copy "c:\Users\nguye\Expo\AciPlatform\AciPlatform.Infrastructure\bin\Debug\net9.0\AciPlatform.Infrastructure.dll" to "bin\Debug\net9.0\AciPlatform.Infrastructure.dll". Beginning retry 6 in 1000ms. The process cannot access the file 'c:\Users\nguye\Expo\AciPlatform\AciPlatform.Api\bin\Debug\net9.0\AciPlatform.Infrastructure.dll' because it is being used by another process. The file is locked by: "AciPlatform.Api (27140)" [c:\Users\nguye\Expo\AciPlatform\AciPlatform.Api\AciPlatform.Api.csproj]
C:\Program Files\dotnet\sdk\9.0.300\Microsoft.Common.CurrentVersion.targets(5094,5): warning MSB3026: Could not copy "C:\Users\nguye\Expo\AciPlatform\AciPlatform.Application\bin\Debug\net9.0\AciPlatform.Application.dll" to "bin\Debug\net9.0\AciPlatform.Application.dll". Beginning retry 6 in 1000ms. The process cannot access the file 'c:\Users\nguye\Expo\AciPlatform\AciPlatform.Api\bin\Debug\net9.0\AciPlatform.Application.dll' because it is being used by another process. The file is locked by: "AciPlatform.Api (27140)" [c:\Users\nguye\Expo\AciPlatform\AciPlatform.Api\AciPlatform.Api.csproj]
C:\Program Files\dotnet\sdk\9.0.300\Microsoft.Common.CurrentVersion.targets(5094,5): warning MSB3026: Could not copy "C:\Users\nguye\Expo\AciPlatform\AciPlatform.Domain\bin\Debug\net9.0\AciPlatform.Domain.dll" to "bin\Debug\net9.0\AciPlatform.Domain.dll". Beginning retry 7 in 1000ms. The process cannot access the file 'c:\Users\nguye\Expo\AciPlatform\AciPlatform.Api\bin\Debug\net9.0\AciPlatform.Domain.dll' because it is being used by another process. The file is locked by: "AciPlatform.Api (27140)" [c:\Users\nguye\Expo\AciPlatform\AciPlatform.Api\AciPlatform.Api.csproj]
C:\Program Files\dotnet\sdk\9.0.300\Microsoft.Common.CurrentVersion.targets(5094,5): warning MSB3026: Could not copy "c:\Users\nguye\Expo\AciPlatform\AciPlatform.Infrastructure\bin\Debug\net9.0\AciPlatform.Infrastructure.dll" to "bin\Debug\net9.0\AciPlatform.Infrastructure.dll". Beginning retry 7 in 1000ms. The process cannot access the file 'c:\Users\nguye\Expo\AciPlatform\AciPlatform.Api\bin\Debug\net9.0\AciPlatform.Infrastructure.dll' because it is being used by another process. The file is locked by: "AciPlatform.Api (27140)" [c:\Users\nguye\Expo\AciPlatform\AciPlatform.Api\AciPlatform.Api.csproj]
C:\Program Files\dotnet\sdk\9.0.300\Microsoft.Common.CurrentVersion.targets(5094,5): warning MSB3026: Could not copy "C:\Users\nguye\Expo\AciPlatform\AciPlatform.Application\bin\Debug\net9.0\AciPlatform.Application.dll" to "bin\Debug\net9.0\AciPlatform.Application.dll". Beginning retry 7 in 1000ms. The process cannot access the file 'c:\Users\nguye\Expo\AciPlatform\AciPlatform.Api\bin\Debug\net9.0\AciPlatform.Application.dll' because it is being used by another process. The file is locked by: "AciPlatform.Api (27140)" [c:\Users\nguye\Expo\AciPlatform\AciPlatform.Api\AciPlatform.Api.csproj]
C:\Program Files\dotnet\sdk\9.0.300\Microsoft.Common.CurrentVersion.targets(5094,5): warning MSB3026: Could not copy "C:\Users\nguye\Expo\AciPlatform\AciPlatform.Domain\bin\Debug\net9.0\AciPlatform.Domain.dll" to "bin\Debug\net9.0\AciPlatform.Domain.dll". Beginning retry 8 in 1000ms. The process cannot access the file 'c:\Users\nguye\Expo\AciPlatform\AciPlatform.Api\bin\Debug\net9.0\AciPlatform.Domain.dll' because it is being used by another process. The file is locked by: "AciPlatform.Api (27140)" [c:\Users\nguye\Expo\AciPlatform\AciPlatform.Api\AciPlatform.Api.csproj]
C:\Program Files\dotnet\sdk\9.0.300\Microsoft.Common.CurrentVersion.targets(5094,5): warning MSB3026: Could not copy "C:\Users\nguye\Expo\AciPlatform\AciPlatform.Application\bin\Debug\net9.0\AciPlatform.Application.dll" to "bin\Debug\net9.0\AciPlatform.Application.dll". Beginning retry 8 in 1000ms. The process cannot access the file 'c:\Users\nguye\Expo\AciPlatform\AciPlatform.Api\bin\Debug\net9.0\AciPlatform.Application.dll' because it is being used by another process. The file is locked by: "AciPlatform.Api (27140)" [c:\Users\nguye\Expo\AciPlatform\AciPlatform.Api\AciPlatform.Api.csproj]
C:\Program Files\dotnet\sdk\9.0.300\Microsoft.Common.CurrentVersion.targets(5094,5): warning MSB3026: Could not copy "c:\Users\nguye\Expo\AciPlatform\AciPlatform.Infrastructure\bin\Debug\net9.0\AciPlatform.Infrastructure.dll" to "bin\Debug\net9.0\AciPlatform.Infrastructure.dll". Beginning retry 8 in 1000ms. The process cannot access the file 'c:\Users\nguye\Expo\AciPlatform\AciPlatform.Api\bin\Debug\net9.0\AciPlatform.Infrastructure.dll' because it is being used by another process. The file is locked by: "AciPlatform.Api (27140)" [c:\Users\nguye\Expo\AciPlatform\AciPlatform.Api\AciPlatform.Api.csproj]
C:\Program Files\dotnet\sdk\9.0.300\Microsoft.Common.CurrentVersion.targets(5094,5): warning MSB3026: Could not copy "C:\Users\nguye\Expo\AciPlatform\AciPlatform.Domain\bin\Debug\net9.0\AciPlatform.Domain.dll" to "bin\Debug\net9.0\AciPlatform.Domain.dll". Beginning retry 9 in 1000ms. The process cannot access the file 'c:\Users\nguye\Expo\AciPlatform\AciPlatform.Api\bin\Debug\net9.0\AciPlatform.Domain.dll' because it is being used by another process. The file is locked by: "AciPlatform.Api (27140)" [c:\Users\nguye\Expo\AciPlatform\AciPlatform.Api\AciPlatform.Api.csproj]
C:\Program Files\dotnet\sdk\9.0.300\Microsoft.Common.CurrentVersion.targets(5094,5): warning MSB3026: Could not copy "C:\Users\nguye\Expo\AciPlatform\AciPlatform.Application\bin\Debug\net9.0\AciPlatform.Application.dll" to "bin\Debug\net9.0\AciPlatform.Application.dll". Beginning retry 9 in 1000ms. The process cannot access the file 'c:\Users\nguye\Expo\AciPlatform\AciPlatform.Api\bin\Debug\net9.0\AciPlatform.Application.dll' because it is being used by another process. The file is locked by: "AciPlatform.Api (27140)" [c:\Users\nguye\Expo\AciPlatform\AciPlatform.Api\AciPlatform.Api.csproj]
C:\Program Files\dotnet\sdk\9.0.300\Microsoft.Common.CurrentVersion.targets(5094,5): warning MSB3026: Could not copy "c:\Users\nguye\Expo\AciPlatform\AciPlatform.Infrastructure\bin\Debug\net9.0\AciPlatform.Infrastructure.dll" to "bin\Debug\net9.0\AciPlatform.Infrastructure.dll". Beginning retry 9 in 1000ms. The process cannot access the file 'c:\Users\nguye\Expo\AciPlatform\AciPlatform.Api\bin\Debug\net9.0\AciPlatform.Infrastructure.dll' because it is being used by another process. The file is locked by: "AciPlatform.Api (27140)" [c:\Users\nguye\Expo\AciPlatform\AciPlatform.Api\AciPlatform.Api.csproj]
C:\Program Files\dotnet\sdk\9.0.300\Microsoft.Common.CurrentVersion.targets(5094,5): warning MSB3026: Could not copy "C:\Users\nguye\Expo\AciPlatform\AciPlatform.Domain\bin\Debug\net9.0\AciPlatform.Domain.dll" to "bin\Debug\net9.0\AciPlatform.Domain.dll". Beginning retry 10 in 1000ms. The process cannot access the file 'c:\Users\nguye\Expo\AciPlatform\AciPlatform.Api\bin\Debug\net9.0\AciPlatform.Domain.dll' because it is being used by another process. The file is locked by: "AciPlatform.Api (27140)" [c:\Users\nguye\Expo\AciPlatform\AciPlatform.Api\AciPlatform.Api.csproj]
C:\Program Files\dotnet\sdk\9.0.300\Microsoft.Common.CurrentVersion.targets(5094,5): warning MSB3026: Could not copy "C:\Users\nguye\Expo\AciPlatform\AciPlatform.Application\bin\Debug\net9.0\AciPlatform.Application.dll" to "bin\Debug\net9.0\AciPlatform.Application.dll". Beginning retry 10 in 1000ms. The process cannot access the file 'c:\Users\nguye\Expo\AciPlatform\AciPlatform.Api\bin\Debug\net9.0\AciPlatform.Application.dll' because it is being used by another process. The file is locked by: "AciPlatform.Api (27140)" [c:\Users\nguye\Expo\AciPlatform\AciPlatform.Api\AciPlatform.Api.csproj]
C:\Program Files\dotnet\sdk\9.0.300\Microsoft.Common.CurrentVersion.targets(5094,5): warning MSB3026: Could not copy "c:\Users\nguye\Expo\AciPlatform\AciPlatform.Infrastructure\bin\Debug\net9.0\AciPlatform.Infrastructure.dll" to "bin\Debug\net9.0\AciPlatform.Infrastructure.dll". Beginning retry 10 in 1000ms. The process cannot access the file 'c:\Users\nguye\Expo\AciPlatform\AciPlatform.Api\bin\Debug\net9.0\AciPlatform.Infrastructure.dll' because it is being used by another process. The file is locked by: "AciPlatform.Api (27140)" [c:\Users\nguye\Expo\AciPlatform\AciPlatform.Api\AciPlatform.Api.csproj]
C:\Program Files\dotnet\sdk\9.0.300\Microsoft.Common.CurrentVersion.targets(5094,5): error MSB3027: Could not copy "C:\Users\nguye\Expo\AciPlatform\AciPlatform.Domain\bin\Debug\net9.0\AciPlatform.Domain.dll" to "bin\Debug\net9.0\AciPlatform.Domain.dll". Exceeded retry count of 10. Failed. The file is locked by: "AciPlatform.Api (27140)" [c:\Users\nguye\Expo\AciPlatform\AciPlatform.Api\AciPlatform.Api.csproj]
C:\Program Files\dotnet\sdk\9.0.300\Microsoft.Common.CurrentVersion.targets(5094,5): error MSB3021: Unable to copy file "C:\Users\nguye\Expo\AciPlatform\AciPlatform.Domain\bin\Debug\net9.0\AciPlatform.Domain.dll" to "bin\Debug\net9.0\AciPlatform.Domain.dll". The process cannot access the file 'c:\Users\nguye\Expo\AciPlatform\AciPlatform.Api\bin\Debug\net9.0\AciPlatform.Domain.dll' because it is being used by another process. [c:\Users\nguye\Expo\AciPlatform\AciPlatform.Api\AciPlatform.Api.csproj]
C:\Program Files\dotnet\sdk\9.0.300\Microsoft.Common.CurrentVersion.targets(5094,5): error MSB3027: Could not copy "C:\Users\nguye\Expo\AciPlatform\AciPlatform.Application\bin\Debug\net9.0\AciPlatform.Application.dll" to "bin\Debug\net9.0\AciPlatform.Application.dll". Exceeded retry count of 10. Failed. The file is locked by: "AciPlatform.Api (27140)" [c:\Users\nguye\Expo\AciPlatform\AciPlatform.Api\AciPlatform.Api.csproj]
C:\Program Files\dotnet\sdk\9.0.300\Microsoft.Common.CurrentVersion.targets(5094,5): error MSB3021: Unable to copy file "C:\Users\nguye\Expo\AciPlatform\AciPlatform.Application\bin\Debug\net9.0\AciPlatform.Application.dll" to "bin\Debug\net9.0\AciPlatform.Application.dll". The process cannot access the file 'c:\Users\nguye\Expo\AciPlatform\AciPlatform.Api\bin\Debug\net9.0\AciPlatform.Application.dll' because it is being used by another process. [c:\Users\nguye\Expo\AciPlatform\AciPlatform.Api\AciPlatform.Api.csproj]
C:\Program Files\dotnet\sdk\9.0.300\Microsoft.Common.CurrentVersion.targets(5094,5): error MSB3027: Could not copy "c:\Users\nguye\Expo\AciPlatform\AciPlatform.Infrastructure\bin\Debug\net9.0\AciPlatform.Infrastructure.dll" to "bin\Debug\net9.0\AciPlatform.Infrastructure.dll". Exceeded retry count of 10. Failed. The file is locked by: "AciPlatform.Api (27140)" [c:\Users\nguye\Expo\AciPlatform\AciPlatform.Api\AciPlatform.Api.csproj]
C:\Program Files\dotnet\sdk\9.0.300\Microsoft.Common.CurrentVersion.targets(5094,5): error MSB3021: Unable to copy file "c:\Users\nguye\Expo\AciPlatform\AciPlatform.Infrastructure\bin\Debug\net9.0\AciPlatform.Infrastructure.dll" to "bin\Debug\net9.0\AciPlatform.Infrastructure.dll". The process cannot access the file 'c:\Users\nguye\Expo\AciPlatform\AciPlatform.Api\bin\Debug\net9.0\AciPlatform.Infrastructure.dll' because it is being used by another process. [c:\Users\nguye\Expo\AciPlatform\AciPlatform.Api\AciPlatform.Api.csproj]
    30 Warning(s)
    6 Error(s)

Time Elapsed 00:00:14.53
